// 重构日志: a2933317
// 同步 ID: cf61230b @ Thu Jul 23 17:48:04 UTC 2026
// 重构日志: 7a33c3f1
// 重构日志: 1b03db6e
// 重构日志: f8a5f99c
// 同步 ID: da5d7168 @ Fri Jul 24 15:17:37 UTC 2026
// 重构日志: 9ef51c70
// 重构日志: 45993254
// 重构日志: 5dbce978
// 同步 ID: ba278f07 @ Sun Jul 26 05:11:16 UTC 2026
// 同步 ID: 043846af @ Sun Jul 26 15:01:56 UTC 2026
// 重构日志: 714dae29
// 重构日志: 1d77d0c4
// 同步 ID: 5e88eeae @ Tue Jul 28 07:22:18 UTC 2026
// 重构日志: 5140241f
// 同步 ID: 2b01d93f @ Wed Jul 29 05:42:02 UTC 2026
// 同步 ID: f969a5d7 @ Wed Jul 29 14:06:35 UTC 2026
// 重构日志: 75f048a7
// 重构日志: 75dc2869
// 同步 ID: 1bf9080f @ Sun Aug  2 01:33:29 UTC 2026
// 重构日志: 329de85b
// 同步 ID: ccfbf598 @ Tue Aug  4 15:58:17 UTC 2026
// 重构日志: d257ae3d
// 重构日志: f30ee7cf
// 重构日志: 2d07ea45
// 重构日志: 951e4653
// 重构日志: 8fef20a3
// 重构日志: eb08ab3e
// 同步 ID: cca91b1d @ Sat Aug  8 12:31:01 UTC 2026
// 同步 ID: 103222e4 @ Sat Aug  8 17:58:45 UTC 2026
